../../Middlewares/ST/touchgfx/framework/include/touchgfx/Screen.hpp:104:18:virtual void touchgfx::Screen::afterTransition()	0	static
../../Middlewares/ST/touchgfx/framework/include/touchgfx/Screen.hpp:144:18:virtual void touchgfx::Screen::handleTickEvent()	0	static
../../Middlewares/ST/touchgfx/framework/include/touchgfx/Screen.hpp:154:18:virtual void touchgfx::Screen::handleKeyEvent(uint8_t)	0	static
C:/TouchGFXProjects/Pong/TouchGFX/gui/src/difficultyselectionscreen_screen/difficultySelectionScreenView.cpp:13:6:virtual void difficultySelectionScreenView::tearDownScreen()	0	static
C:/TouchGFXProjects/Pong/TouchGFX/gui/src/difficultyselectionscreen_screen/difficultySelectionScreenView.cpp:18:6:virtual void difficultySelectionScreenView::normalDifficultyButtonPressed()	0	static
C:/TouchGFXProjects/Pong/TouchGFX/gui/src/difficultyselectionscreen_screen/difficultySelectionScreenView.cpp:22:6:virtual void difficultySelectionScreenView::hardDifficultyButtonPressed()	0	static
../../TouchGFX/gui/include/gui/difficultyselectionscreen_screen/difficultySelectionScreenView.hpp:11:13:difficultySelectionScreenView::~difficultySelectionScreenView()	8	static
../../TouchGFX/gui/include/gui/difficultyselectionscreen_screen/difficultySelectionScreenView.hpp:11:13:virtual difficultySelectionScreenView::~difficultySelectionScreenView()	8	static
C:/TouchGFXProjects/Pong/TouchGFX/gui/src/difficultyselectionscreen_screen/difficultySelectionScreenView.cpp:3:1:difficultySelectionScreenView::difficultySelectionScreenView()	8	static
C:/TouchGFXProjects/Pong/TouchGFX/gui/src/difficultyselectionscreen_screen/difficultySelectionScreenView.cpp:8:6:virtual void difficultySelectionScreenView::setupScreen()	0	static
