../../TouchGFX/gui/include/gui/model/ModelListener.hpp:18:18:virtual void ModelListener::redrawPong(int, int, int, int, int, int, int)	0	static
../../TouchGFX/gui/include/gui/model/ModelListener.hpp:19:18:virtual void ModelListener::redrawBounces(int)	0	static
../../TouchGFX/gui/include/gui/model/ModelListener.hpp:20:18:virtual void ModelListener::endPongGame()	0	static
C:/TouchGFXProjects/Pong/TouchGFX/gui/src/model/Model.cpp:11:1:Model::Model()	0	static
C:/TouchGFXProjects/Pong/TouchGFX/gui/src/model/Model.cpp:55:6:void Model::shouldDoHardDifficulty(bool)	0	static
C:/TouchGFXProjects/Pong/TouchGFX/gui/src/model/Model.cpp:59:6:void Model::shouldDoMultiplayer(bool)	0	static
C:/TouchGFXProjects/Pong/TouchGFX/gui/src/model/Model.cpp:63:6:void Model::pongSetup(int, int, int, int, int)	4	static
C:/TouchGFXProjects/Pong/TouchGFX/gui/src/model/Model.cpp:71:6:void Model::pongStart()	4	static
C:/TouchGFXProjects/Pong/TouchGFX/gui/src/model/Model.cpp:113:6:void Model::receiveTouchDestination(int)	0	static
C:/TouchGFXProjects/Pong/TouchGFX/gui/src/model/Model.cpp:121:6:void Model::updateButtonPlayerDestination()	4	static
C:/TouchGFXProjects/Pong/TouchGFX/gui/src/model/Model.cpp:131:6:void Model::changePlayerDestination(int, int)	0	static
C:/TouchGFXProjects/Pong/TouchGFX/gui/src/model/Model.cpp:147:6:void Model::updateAIposHard()	8	static
C:/TouchGFXProjects/Pong/TouchGFX/gui/src/model/Model.cpp:139:6:void Model::updateAIpos()	0	static
C:/TouchGFXProjects/Pong/TouchGFX/gui/src/model/Model.cpp:173:6:void Model::updateAIposNormal()	0	static
C:/TouchGFXProjects/Pong/TouchGFX/gui/src/model/Model.cpp:177:6:void Model::updatePlayerPosition()	8	static
C:/TouchGFXProjects/Pong/TouchGFX/gui/src/model/Model.cpp:211:6:void Model::updateBallPosition()	4	static
C:/TouchGFXProjects/Pong/TouchGFX/gui/src/model/Model.cpp:216:6:void Model::checkCollision()	20	static
C:/TouchGFXProjects/Pong/TouchGFX/gui/src/model/Model.cpp:83:6:void Model::tick()	40	static
C:/TouchGFXProjects/Pong/TouchGFX/gui/src/model/Model.cpp:268:6:void Model::increaseBallSpeed()	4	static
C:/TouchGFXProjects/Pong/TouchGFX/gui/src/model/Model.cpp:274:6:void Model::redrawPong()	32	static
C:/TouchGFXProjects/Pong/TouchGFX/gui/src/model/Model.cpp:278:6:void Model::redrawBounces()	0	static
C:/TouchGFXProjects/Pong/TouchGFX/gui/src/model/Model.cpp:282:6:void Model::endPongGame()	0	static
C:/TouchGFXProjects/Pong/TouchGFX/gui/src/model/Model.cpp:286:1:cpp)	4	static
