../../Middlewares/ST/touchgfx/framework/include/touchgfx/Screen.hpp:104:18:virtual void touchgfx::Screen::afterTransition()	0	static
../../Middlewares/ST/touchgfx/framework/include/touchgfx/Screen.hpp:144:18:virtual void touchgfx::Screen::handleTickEvent()	0	static
../../Middlewares/ST/touchgfx/framework/include/touchgfx/Screen.hpp:154:18:virtual void touchgfx::Screen::handleKeyEvent(uint8_t)	0	static
C:/TouchGFXProjects/Pong/TouchGFX/gui/src/pongplayerselectionscreen_screen/PongPlayerSelectionScreenView.cpp:13:6:virtual void PongPlayerSelectionScreenView::tearDownScreen()	0	static
C:/TouchGFXProjects/Pong/TouchGFX/gui/src/pongplayerselectionscreen_screen/PongPlayerSelectionScreenView.cpp:18:6:virtual void PongPlayerSelectionScreenView::singleplayerButtonPressed()	0	static
C:/TouchGFXProjects/Pong/TouchGFX/gui/src/pongplayerselectionscreen_screen/PongPlayerSelectionScreenView.cpp:22:6:virtual void PongPlayerSelectionScreenView::multiplayerButtonPressed()	0	static
../../TouchGFX/gui/include/gui/pongplayerselectionscreen_screen/PongPlayerSelectionScreenView.hpp:11:13:PongPlayerSelectionScreenView::~PongPlayerSelectionScreenView()	8	static
../../TouchGFX/gui/include/gui/pongplayerselectionscreen_screen/PongPlayerSelectionScreenView.hpp:11:13:virtual PongPlayerSelectionScreenView::~PongPlayerSelectionScreenView()	8	static
C:/TouchGFXProjects/Pong/TouchGFX/gui/src/pongplayerselectionscreen_screen/PongPlayerSelectionScreenView.cpp:3:1:PongPlayerSelectionScreenView::PongPlayerSelectionScreenView()	8	static
C:/TouchGFXProjects/Pong/TouchGFX/gui/src/pongplayerselectionscreen_screen/PongPlayerSelectionScreenView.cpp:8:6:virtual void PongPlayerSelectionScreenView::setupScreen()	0	static
